2025-03-06 19:40:56.559  INFO 1 - [       main] c.epam.healenium.Application     : Starting Application v3.4.6 using Java 22.0.2 with PID 1 (/healenium-backend.jar started by root in /) 
2025-03-06 19:40:56.760  INFO 1 - [       main] c.epam.healenium.Application     : No active profile set, falling back to 1 default profile: "default" 
2025-03-06 19:41:00.747  INFO 1 - [       main] .RepositoryConfigurationDelegate : Bootstrapping Spring Data JPA repositories in DEFAULT mode. 
2025-03-06 19:41:01.214  INFO 1 - [       main] .RepositoryConfigurationDelegate : Finished Spring Data repository scanning in 450 ms. Found 4 JPA repository interfaces. 
2025-03-06 19:41:03.987  INFO 1 - [       main] o.s.b.w.e.t.TomcatWebServer      : Tomcat initialized with port 7878 (http) 
2025-03-06 19:41:04.030  INFO 1 - [       main] o.a.c.core.StandardService       : Starting service [Tomcat] 
2025-03-06 19:41:04.031  INFO 1 - [       main] o.a.c.core.StandardEngine        : Starting Servlet engine: [Apache Tomcat/10.1.30] 
2025-03-06 19:41:04.118  INFO 1 - [       main] o.a.c.c.C.[.[localhost].[/]      : Initializing Spring embedded WebApplicationContext 
2025-03-06 19:41:04.119  INFO 1 - [       main] rvletWebServerApplicationContext : Root WebApplicationContext: initialization completed in 7159 ms 
2025-03-06 19:41:04.909  INFO 1 - [       main] c.z.hikari.HikariDataSource      : HikariPool-1 - Starting... 
2025-03-06 19:41:05.201  INFO 1 - [       main] c.z.hikari.HikariDataSource      : HikariPool-1 - Start completed. 
2025-03-06 19:41:05.523  INFO 1 - [       main] liquibase.database               : Set default schema name to healenium 
2025-03-06 19:41:06.822  INFO 1 - [       main] liquibase.changelog              : Reading from healenium.databasechangelog 
2025-03-06 19:41:06.913  INFO 1 - [       main] liquibase.ui                     : Database is up to date, no changesets to execute 
2025-03-06 19:41:06.916  INFO 1 - [       main] liquibase.changelog              : Reading from healenium.databasechangelog 
2025-03-06 19:41:06.940  INFO 1 - [       main] liquibase.util                   : UPDATE SUMMARY 
2025-03-06 19:41:06.941  INFO 1 - [       main] liquibase.util                   : Run:                          0 
2025-03-06 19:41:06.941  INFO 1 - [       main] liquibase.util                   : Previously run:              10 
2025-03-06 19:41:06.941  INFO 1 - [       main] liquibase.util                   : Filtered out:                 0 
2025-03-06 19:41:06.941  INFO 1 - [       main] liquibase.util                   : ------------------------------- 
2025-03-06 19:41:06.942  INFO 1 - [       main] liquibase.util                   : Total change sets:           10 
2025-03-06 19:41:06.943  INFO 1 - [       main] liquibase.util                   : Update summary generated 
2025-03-06 19:41:06.967  INFO 1 - [       main] liquibase.lockservice            : Successfully released change log lock 
2025-03-06 19:41:06.970  INFO 1 - [       main] liquibase.command                : Command execution complete 
2025-03-06 19:41:07.308  INFO 1 - [       main] o.h.j.internal.util.LogHelper    : HHH000204: Processing PersistenceUnitInfo [name: default] 
2025-03-06 19:41:07.456  INFO 1 - [       main] org.hibernate.Version            : HHH000412: Hibernate ORM core version 6.5.3.Final 
2025-03-06 19:41:07.537  INFO 1 - [       main] o.h.c.i.RegionFactoryInitiator   : HHH000026: Second-level cache disabled 
2025-03-06 19:41:08.336  INFO 1 - [       main] .o.j.p.SpringPersistenceUnitInfo : No LoadTimeWeaver setup: ignoring JPA class transformer 
2025-03-06 19:41:08.368  WARN 1 - [       main] org.hibernate.orm.deprecation    : HHH90000021: Encountered deprecated setting [hibernate.temp.use_jdbc_metadata_defaults], use [hibernate.boot.allow_jdbc_metadata_access] instead 
2025-03-06 19:41:08.402  WARN 1 - [       main] org.hibernate.orm.deprecation    : HHH90000025: PostgreSQLDialect does not need to be specified explicitly using 'hibernate.dialect' (remove the property setting and it will be selected by default) 
2025-03-06 19:41:11.475  WARN 1 - [       main] o.h.m.internal.MetadataContext   : HHH015011: Unable to locate static metamodel field : com.epam.healenium.model.domain.Selector_#nodePathWrapper; this may or may not indicate a problem with the static metamodel 
2025-03-06 19:41:11.496  INFO 1 - [       main] h.e.t.j.p.i.JtaPlatformInitiator : HHH000489: No JTA platform available (set 'hibernate.transaction.jta.platform' to enable JTA platform integration) 
2025-03-06 19:41:11.504  INFO 1 - [       main] ontainerEntityManagerFactoryBean : Initialized JPA EntityManagerFactory for persistence unit 'default' 
2025-03-06 19:41:12.783  INFO 1 - [       main] o.s.d.j.r.q.QueryEnhancerFactory : Hibernate is in classpath; If applicable, HQL parser will be used. 
2025-03-06 19:41:14.917  INFO 1 - [       main] .a.w.s.WelcomePageHandlerMapping : Adding welcome page template: index 
2025-03-06 19:41:16.773  INFO 1 - [       main] .s.b.a.e.w.EndpointLinksResolver : Exposing 1 endpoint beneath base path '/actuator' 
2025-03-06 19:41:17.060  INFO 1 - [       main] o.s.b.w.e.t.TomcatWebServer      : Tomcat started on port 7878 (http) with context path '/' 
2025-03-06 19:41:17.256  INFO 1 - [       main] c.epam.healenium.Application     : Started Application in 22.195 seconds (process running for 24.763) 
2025-03-06 19:43:12.952  INFO 1 - [7878-exec-1] o.a.c.c.C.[.[localhost].[/]      : Initializing Spring DispatcherServlet 'dispatcherServlet' 
2025-03-06 19:43:12.962  INFO 1 - [7878-exec-1] o.s.w.s.DispatcherServlet        : Initializing Servlet 'dispatcherServlet' 
2025-03-06 19:43:12.982  INFO 1 - [7878-exec-1] o.s.w.s.DispatcherServlet        : Completed initialization in 20 ms 
2025-03-06 19:43:18.522  INFO 1 - [7878-exec-3] healenium                        : [Save Elements] Request: By.xpath(//button[@class="btn btn-bd-primary py-2 dropdown-toggle d-flex align-items-center"]) 
2025-03-06 19:43:18.660  INFO 1 - [7878-exec-4] healenium                        : [Save Elements] Request: By.xpath(//button[@class="btn btn-bd-primary py-2 dropdown-toggle d-flex align-items-center"]) 
2025-03-06 19:43:26.823  INFO 1 - [7878-exec-7] healenium                        : [Save Elements] Request: By.xpath(//button[@class="btn btn-bd-primary py-2 dropdown-toggle d-flex align-items-center"]) 
2025-03-06 19:43:26.943  INFO 1 - [7878-exec-8] healenium                        : [Save Elements] Request: By.xpath(//button[@class="btn btn-bd-primary py-2 dropdown-toggle d-flex align-items-center"]) 
2025-03-06 22:35:13.262  INFO 1 - [hutdownHook] ontainerEntityManagerFactoryBean : Closing JPA EntityManagerFactory for persistence unit 'default' 
2025-03-06 22:35:13.281  INFO 1 - [hutdownHook] c.z.hikari.HikariDataSource      : HikariPool-1 - Shutdown initiated... 
2025-03-06 22:35:13.288  INFO 1 - [hutdownHook] c.z.hikari.HikariDataSource      : HikariPool-1 - Shutdown completed. 
